11:34:14 **** Auto Build of configuration Debug for project lenet_cnn ****
make pre-build main-build 
a9-linaro-pre-build-step
 
Building file: ../src/main.cc
Invoking: ARM v7 g++ compiler
arm-none-eabi-g++ -Wall -O0 -g3 -c -fmessage-length=0 -MT"src/main.o" -mcpu=cortex-a9 -mfpu=vfpv3 -mfloat-abi=hard -I../../standalone_bsp_0/ps7_cortexa9_0/include -MMD -MP -MF"src/main.d" -MT"src/main.o" -o "src/main.o" "../src/main.cc"
Finished building: ../src/main.cc
 
Building target: lenet_cnn.elf
Invoking: ARM v7 g++ linker
arm-none-eabi-g++ -mcpu=cortex-a9 -mfpu=vfpv3 -mfloat-abi=hard -Wl,-build-id=none -specs=Xilinx.spec -Wl,-T -Wl,../src/lscript.ld -L../../standalone_bsp_0/ps7_cortexa9_0/lib -o "lenet_cnn.elf"  ./src/main.o   -Wl,--start-group,-lxil,-lgcc,-lc,-lstdc++,--end-group -Wl,--start-group,-lxilffs,-lxil,-lgcc,-lc,--end-group
Finished building target: lenet_cnn.elf
 
Invoking: ARM v7 Print Size
arm-none-eabi-size lenet_cnn.elf  |tee "lenet_cnn.elf.size"
   text	   data	    bss	    dec	    hex	filename
 594761	   2920	8094400	8692081	 84a171	lenet_cnn.elf
Finished building: lenet_cnn.elf.size
 

11:34:17 Build Finished (took 3s.160ms)

